# netlify-serverles-functions
create your directory or blank project, include a 'functions' folder for lambdas

open console in vscode, run some commands to set things up:
1) install command line tools ( the -g flag is for global install, may cause ussues?)
$ sudo npm install -g netlify-cli

2) terminal, cd to project
$ npm init -y
create .gitignore OUTSIDE of published directory and add 'node_modeuls' to the file
npm i node-fetch

You can use 'netlify link' (command line, if you have netlify CLI installed) to connec to netlify actual site
this goes to your Netlify dashboard, coppies the environment variables and brings them local for your use 
doing the above, you do NOT NEED .env functions and such
$ netlify link

# I'm not sure what step this is...
create netlify.toml (outside published directory) with contents: 
# example netlify.toml
[build]
  functions = "functions/" # where your js functions are stored
  publish = "public/"  # the root directory of published site
#in .toml file, setup redirects
[[redirects]]
    from = "/api/*" 
    to = "/.netlify/functions/:splat"
    status = 200
    
    // then use fetch('/api/XXXX', etc. 


to run in dev mode
$ netlify dev 

to STOP running in dev mode
$ control-C  


create the new git repo on github( find way to do thi son comand line ) then push:
# add your new repo as an origin

git init ( or next step instead?)
# IMPORTANT: make sure to use your own username/repo name!
git remote add origin git@github.com:yourusername/yourreponame.git

# add all the files
git add -A

# commit the files
git commit -m 'First Commit'

# push the changes to GitHub
git push -u origin master


------------- create netlify site -----------------
You can create your site through the Netlify dashboard or through the CLI
# install the Netlify CLI globally
npm install --global netlify-cli

# log into your Netlify account
netlify login

# initialize a new site
netlify init

somehow this connects to the git repo we jsut created?
Once the site has been created, we can grab the URL from the terminal output. 
e.g., https://confident-nightingale-4e5a0b.netlify.com/









    



https://app.netlify.com/teams/darinmurray/overview


https://medium.com/better-practices/serverless-functions-the-fast-way-43d6128ff8d5

https://github.com/netlify/netlify-lambda


Ok, this is working as confitured, using a query string in the url, e.g. ?query=steel









// const querySTringTHing = require('querystring');
const fetch = require('node-fetch');
// import fetch from 'node-fetch';


exports.handler = async (event) => { 

  const query = event.body.split('=')[1] //"blue" //qs.parse(event.body);
  // const query = event.queryStringParameters.query //"blue" //qs.parse(event.body);
  const params = event.queryStringParameters.query // this is in fact, empty
  // const M_W_API = "07bf658c-2b15-4b71-9fa5-a12e8aaa0f79"
  const response = await fetch(  
    `https://www.dictionaryapi.com/api/v3/references/sd2/json/${query}?key=${process.env.M_W_API}`,
    // `https://www.dictionaryapi.com/api/v3/references/sd2/json/${query}?key=07bf658c-2b15-4b71-9fa5-a12e8aaa0f79`,
    // `https://www.dictionaryapi.com/api/v3/references/sd2/json/${query}?key=${process.env.M_W_API}`,
    // `https://api.unsplash.com/search/photos?query=${query}`,
    {
      method: 'GET',
      mode: 'no-cors',
      headers: {
        // Authorization: `Client-ID qHPEkhMngfL7c9A5KoAhYbWXv7OcuFoWIEg6p7p_I-0`,
        Authorization: `Client-ID ${process.env.M_W_API}`,
      },
    }
  )
    .then((response) => response.json())
    .catch((error) => console.error(error));
  const firstResult = response //.results[0];
  console.log("Query is ", query);
  console.log("FIrst REsult is ", firstResult);
  console.log("Jusrt before Return ", response);
  return {
    statusCode: 200,
    headers: {
      'Content-Type': 'text/html',
    },
    body: `
    Results for :${query} and QSP: ${params}
    </br></br>
    Some value is: ${firstResult[0].shortdef}
</br></br>
    ` + event.queryStringParameters.query ,
    // `+ JSON.stringify(query.body, undefined, 4),
  };
  
};


// "body":"query=dog",



// exports.handler = async (event) => {
//   const { query } = "green" //qs.parse(event.body);

//   const response = await fetch(
//     `https://api.unsplash.com/search/photos?query=${query}`,
//     {
//       method: 'GET',
//       headers: {
//         // Authorization: `Client-ID qHPEkhMngfL7c9A5KoAhYbWXv7OcuFoWIEg6p7p_I-0`,
//         Authorization: `Client-ID qHPEkhMngfL7c9A5KoAhYbWXv7OcuFoWIEg6p7p_I-0`,
//       },
//     }
//   )
//     .then((response) => response.json())
//     .catch((error) => console.error(error));

//   const firstResult = response.results[0];

//   return {
//     statusCode: 200,
//     headers: {
//       'Content-Type': 'text/html',
//     },
    
//     body: `
//     Token is:${process.env.UNSPLASH_API_TOKEN}
//       <img
//         src= "${firstResult.urls.regular}"
//         alt="${firstResult.alt_description}"
//       />
//     `,
//   };
// };
